{
  "_class": "document",
  "do_objectID": "pizza",
  "assets": {
    "_class": "assetCollection",
    "colors": []
  },
  "currentPageIndex": 0,
  "enableLayerInteraction": true,
  "enableSliceInteraction": true,
  "foreignSymbols": [],
  "layerStyles": {
    "_class": "sharedStyleContainer",
    "objects": [
      {
        "_class": "sharedStyle",
        "do_objectID": "b2292ba0-3bec-4e77-abd2-068246a249d6",
        "name": "bg-color",
        "style": {
          "_class": "style",
          "fills": [
            {
              "_class": "fill",
              "isEnabled": true,
              "color": {
                "_class": "color",
                "red": 0,
                "green": 0.5019607843137255,
                "blue": 0,
                "alpha": 1
              },
              "fillType": 0,
              "noiseIndex": 0,
              "noiseIntensity": 0,
              "patternFillType": 1,
              "patternTileScale": 1
            }
          ],
          "borders": [
            {
              "_class": "border",
              "isEnabled": true,
              "color": {
                "_class": "color",
                "red": 0,
                "green": 0,
                "blue": 0,
                "alpha": 1
              },
              "fillType": 0,
              "position": 1,
              "thickness": 0
            }
          ],
          "shadows": [],
          "innerShadows": [],
          "endDecorationType": 0,
          "miterLimit": 10,
          "startDecorationType": 0,
          "contextSettings": {
            "_class": "graphicsContextSettings",
            "blendMode": 0,
            "opacity": "1"
          }
        }
      },
      {
        "_class": "sharedStyle",
        "do_objectID": "83227d77-d77f-4e46-b1e4-db692e948a38",
        "name": "bg-gradient",
        "style": {
          "_class": "style",
          "fills": [
            {
              "_class": "fill",
              "isEnabled": true,
              "color": {
                "_class": "color",
                "red": 0,
                "green": 0,
                "blue": 0,
                "alpha": 0
              },
              "fillType": 0,
              "noiseIndex": 0,
              "noiseIntensity": 0,
              "patternFillType": 1,
              "patternTileScale": 1
            },
            {
              "_class": "fill",
              "isEnabled": true,
              "color": {
                "_class": "color",
                "alpha": 1,
                "blue": 0.847,
                "green": 0.847,
                "red": 0.847
              },
              "fillType": 1,
              "gradient": {
                "_class": "gradient",
                "elipseLength": 0,
                "from": "{0.5, 0",
                "gradientType": 0,
                "shouldSmoothenOpacity": false,
                "stops": [
                  {
                    "_class": "gradientStop",
                    "color": {
                      "_class": "color",
                      "red": 1,
                      "green": 0,
                      "blue": 0,
                      "alpha": 1
                    },
                    "position": 0
                  },
                  {
                    "_class": "gradientStop",
                    "color": {
                      "_class": "color",
                      "red": 1,
                      "green": 1,
                      "blue": 0,
                      "alpha": 1
                    },
                    "position": 1
                  }
                ],
                "to": "{0.5, 1}"
              },
              "noiseIndex": 0,
              "noiseIntensity": 0,
              "patternFillType": 1,
              "patternTileScale": 1
            }
          ],
          "borders": [
            {
              "_class": "border",
              "isEnabled": true,
              "color": {
                "_class": "color",
                "red": 0,
                "green": 0,
                "blue": 0,
                "alpha": 1
              },
              "fillType": 0,
              "position": 1,
              "thickness": 0
            }
          ],
          "shadows": [],
          "innerShadows": [],
          "endDecorationType": 0,
          "miterLimit": 10,
          "startDecorationType": 0,
          "contextSettings": {
            "_class": "graphicsContextSettings",
            "blendMode": 0,
            "opacity": "1"
          }
        }
      },
      {
        "_class": "sharedStyle",
        "do_objectID": "76bdb75d-a6c0-4d5a-b3ef-929d283a3fd3",
        "name": "bg-image-simple",
        "style": {
          "_class": "style",
          "fills": [
            {
              "_class": "fill",
              "isEnabled": true,
              "color": {
                "_class": "color",
                "red": 0,
                "green": 0,
                "blue": 0,
                "alpha": 0
              },
              "fillType": 0,
              "noiseIndex": 0,
              "noiseIntensity": 0,
              "patternFillType": 1,
              "patternTileScale": 1
            },
            {
              "_class": "fill",
              "isEnabled": true,
              "fillType": 4,
              "image": {
                "_class": "MSJSONOriginalDataReference",
                "_ref_class": "MSImageData",
                "_ref": "images/326a09bd-a607-4f59-acda-3db27f9fe654",
                "url": "file:///Users/dayne/projects/html-sketchapp/e2e/tests/assets/blue.jpg"
              },
              "noiseIndex": 0,
              "noiseIntensity": 0,
              "patternFillType": 1,
              "patternTileScale": 1
            }
          ],
          "borders": [
            {
              "_class": "border",
              "isEnabled": true,
              "color": {
                "_class": "color",
                "red": 0,
                "green": 0,
                "blue": 0,
                "alpha": 1
              },
              "fillType": 0,
              "position": 1,
              "thickness": 0
            }
          ],
          "shadows": [],
          "innerShadows": [],
          "endDecorationType": 0,
          "miterLimit": 10,
          "startDecorationType": 0,
          "contextSettings": {
            "_class": "graphicsContextSettings",
            "blendMode": 0,
            "opacity": "1"
          }
        }
      }
    ]
  },
  "layerSymbols": {
    "_class": "symbolContainer",
    "objects": []
  },
  "layerTextStyles": {
    "_class": "sharedTextStyleContainer",
    "objects": []
  },
  "pages": []
}