{
  "_class": "document",
  "do_objectID": "pizza",
  "assets": {
    "_class": "assetCollection",
    "colors": []
  },
  "currentPageIndex": 0,
  "enableLayerInteraction": true,
  "enableSliceInteraction": true,
  "foreignSymbols": [],
  "layerStyles": {
    "_class": "sharedStyleContainer",
    "objects": [
      {
        "_class": "sharedStyle",
        "do_objectID": "6aea8850-e18e-48c7-8294-6ab6264eb262",
        "name": "box",
        "style": {
          "_class": "style",
          "fills": [
            {
              "_class": "fill",
              "isEnabled": true,
              "color": {
                "_class": "color",
                "red": 1,
                "green": 0,
                "blue": 0,
                "alpha": 1
              },
              "fillType": 0,
              "noiseIndex": 0,
              "noiseIntensity": 0,
              "patternFillType": 1,
              "patternTileScale": 1
            }
          ],
          "borders": [
            {
              "_class": "border",
              "isEnabled": true,
              "color": {
                "_class": "color",
                "red": 0,
                "green": 0,
                "blue": 0,
                "alpha": 1
              },
              "fillType": 0,
              "position": 1,
              "thickness": 0
            }
          ],
          "shadows": [],
          "innerShadows": [],
          "endDecorationType": 0,
          "miterLimit": 10,
          "startDecorationType": 0,
          "contextSettings": {
            "_class": "graphicsContextSettings",
            "blendMode": 0,
            "opacity": "0.8"
          }
        }
      },
      {
        "_class": "sharedStyle",
        "do_objectID": "32024633-a6d2-471c-866a-586cd85e5c1c",
        "name": "box",
        "style": {
          "_class": "style",
          "fills": [
            {
              "_class": "fill",
              "isEnabled": true,
              "color": {
                "_class": "color",
                "red": 1,
                "green": 0,
                "blue": 0,
                "alpha": 1
              },
              "fillType": 0,
              "noiseIndex": 0,
              "noiseIntensity": 0,
              "patternFillType": 1,
              "patternTileScale": 1
            }
          ],
          "borders": [
            {
              "_class": "border",
              "isEnabled": true,
              "color": {
                "_class": "color",
                "red": 0,
                "green": 0,
                "blue": 0,
                "alpha": 1
              },
              "fillType": 0,
              "position": 1,
              "thickness": 0
            }
          ],
          "shadows": [],
          "innerShadows": [],
          "endDecorationType": 0,
          "miterLimit": 10,
          "startDecorationType": 0,
          "contextSettings": {
            "_class": "graphicsContextSettings",
            "blendMode": 0,
            "opacity": "0.3"
          }
        }
      }
    ]
  },
  "layerSymbols": {
    "_class": "symbolContainer",
    "objects": []
  },
  "layerTextStyles": {
    "_class": "sharedTextStyleContainer",
    "objects": []
  },
  "pages": []
}