{
  "_class": "document",
  "do_objectID": "pizza",
  "assets": {
    "_class": "assetCollection",
    "colors": []
  },
  "currentPageIndex": 0,
  "enableLayerInteraction": true,
  "enableSliceInteraction": true,
  "foreignSymbols": [],
  "layerStyles": {
    "_class": "sharedStyleContainer",
    "objects": [
      {
        "_class": "sharedStyle",
        "do_objectID": "6a096fa4-6606-4d3a-a9d7-5b0a95380a7a",
        "name": "shadow",
        "style": {
          "_class": "style",
          "fills": [
            {
              "_class": "fill",
              "isEnabled": true,
              "color": {
                "_class": "color",
                "red": 0.5019607843137255,
                "green": 0.5019607843137255,
                "blue": 0.5019607843137255,
                "alpha": 1
              },
              "fillType": 0,
              "noiseIndex": 0,
              "noiseIntensity": 0,
              "patternFillType": 1,
              "patternTileScale": 1
            }
          ],
          "borders": [
            {
              "_class": "border",
              "isEnabled": true,
              "color": {
                "_class": "color",
                "red": 0,
                "green": 0,
                "blue": 0,
                "alpha": 1
              },
              "fillType": 0,
              "position": 1,
              "thickness": 0
            }
          ],
          "shadows": [
            {
              "_class": "shadow",
              "isEnabled": true,
              "blurRadius": 5,
              "color": {
                "_class": "color",
                "red": 0,
                "green": 0,
                "blue": 0,
                "alpha": 1
              },
              "contextSettings": {
                "_class": "graphicsContextSettings",
                "blendMode": 0,
                "opacity": 1
              },
              "offsetX": 0,
              "offsetY": 0,
              "spread": 2
            }
          ],
          "innerShadows": [
            {
              "_class": "innerShadow",
              "isEnabled": true,
              "blurRadius": 5.125,
              "color": {
                "_class": "color",
                "red": 1,
                "green": 0,
                "blue": 0,
                "alpha": 1
              },
              "contextSettings": {
                "_class": "graphicsContextSettings",
                "blendMode": 0,
                "opacity": 1
              },
              "offsetX": 3.5,
              "offsetY": 0,
              "spread": 2
            }
          ],
          "endDecorationType": 0,
          "miterLimit": 10,
          "startDecorationType": 0,
          "contextSettings": {
            "_class": "graphicsContextSettings",
            "blendMode": 0,
            "opacity": "1"
          }
        }
      },
      {
        "_class": "sharedStyle",
        "do_objectID": "9e8b3cf7-cf2d-41bb-bb7a-8a521ccf4b67",
        "name": "text-shadow",
        "style": {
          "color": "rgb(0, 0, 0)",
          "fontSize": 20,
          "fontFamily": "Times New Roman",
          "fontWeight": 400,
          "textDecoration": "none",
          "textAlign": "start",
          "textTransform": "none"
        }
      }
    ]
  },
  "layerSymbols": {
    "_class": "symbolContainer",
    "objects": []
  },
  "layerTextStyles": {
    "_class": "sharedTextStyleContainer",
    "objects": []
  },
  "pages": []
}