{
  "_class": "document",
  "do_objectID": "pizza",
  "assets": {
    "_class": "assetCollection",
    "colors": []
  },
  "currentPageIndex": 0,
  "enableLayerInteraction": true,
  "enableSliceInteraction": true,
  "foreignSymbols": [],
  "layerStyles": {
    "_class": "sharedStyleContainer",
    "objects": [
      {
        "_class": "sharedStyle",
        "do_objectID": "0e5ef2fc-7c99-456e-92ae-77bb52c7bd7c",
        "name": "box",
        "style": {
          "_class": "style",
          "fills": [
            {
              "_class": "fill",
              "isEnabled": true,
              "color": {
                "_class": "color",
                "red": 1,
                "green": 0,
                "blue": 0,
                "alpha": 1
              },
              "fillType": 0,
              "noiseIndex": 0,
              "noiseIntensity": 0,
              "patternFillType": 1,
              "patternTileScale": 1
            }
          ],
          "borders": [
            {
              "_class": "border",
              "isEnabled": true,
              "color": {
                "_class": "color",
                "red": 0,
                "green": 0,
                "blue": 0,
                "alpha": 1
              },
              "fillType": 0,
              "position": 1,
              "thickness": 0
            }
          ],
          "shadows": [],
          "innerShadows": [],
          "endDecorationType": 0,
          "miterLimit": 10,
          "startDecorationType": 0,
          "contextSettings": {
            "_class": "graphicsContextSettings",
            "blendMode": 0,
            "opacity": "1"
          }
        }
      },
      {
        "_class": "sharedStyle",
        "do_objectID": "8df3203b-92a4-48f9-bd3e-e6dda05bdff4",
        "name": "box",
        "style": {
          "_class": "style",
          "fills": [
            {
              "_class": "fill",
              "isEnabled": true,
              "color": {
                "_class": "color",
                "red": 1,
                "green": 0,
                "blue": 0,
                "alpha": 1
              },
              "fillType": 0,
              "noiseIndex": 0,
              "noiseIntensity": 0,
              "patternFillType": 1,
              "patternTileScale": 1
            }
          ],
          "borders": [
            {
              "_class": "border",
              "isEnabled": true,
              "color": {
                "_class": "color",
                "red": 0,
                "green": 0,
                "blue": 0,
                "alpha": 1
              },
              "fillType": 0,
              "position": 1,
              "thickness": 0
            }
          ],
          "shadows": [],
          "innerShadows": [],
          "endDecorationType": 0,
          "miterLimit": 10,
          "startDecorationType": 0,
          "contextSettings": {
            "_class": "graphicsContextSettings",
            "blendMode": 0,
            "opacity": "1"
          }
        }
      },
      {
        "_class": "sharedStyle",
        "do_objectID": "ae8b7ce3-ab5c-45d2-b97c-426d8a31eb7a",
        "name": "box",
        "style": {
          "_class": "style",
          "fills": [
            {
              "_class": "fill",
              "isEnabled": true,
              "color": {
                "_class": "color",
                "red": 1,
                "green": 0,
                "blue": 0,
                "alpha": 1
              },
              "fillType": 0,
              "noiseIndex": 0,
              "noiseIntensity": 0,
              "patternFillType": 1,
              "patternTileScale": 1
            }
          ],
          "borders": [
            {
              "_class": "border",
              "isEnabled": true,
              "color": {
                "_class": "color",
                "red": 0,
                "green": 0,
                "blue": 0,
                "alpha": 1
              },
              "fillType": 0,
              "position": 1,
              "thickness": 0
            }
          ],
          "shadows": [],
          "innerShadows": [],
          "endDecorationType": 0,
          "miterLimit": 10,
          "startDecorationType": 0,
          "contextSettings": {
            "_class": "graphicsContextSettings",
            "blendMode": 0,
            "opacity": "1"
          }
        }
      },
      {
        "_class": "sharedStyle",
        "do_objectID": "4df684fa-286a-498e-a36f-86e597cc7327",
        "name": "box",
        "style": {
          "_class": "style",
          "fills": [
            {
              "_class": "fill",
              "isEnabled": true,
              "color": {
                "_class": "color",
                "red": 1,
                "green": 0,
                "blue": 0,
                "alpha": 1
              },
              "fillType": 0,
              "noiseIndex": 0,
              "noiseIntensity": 0,
              "patternFillType": 1,
              "patternTileScale": 1
            }
          ],
          "borders": [
            {
              "_class": "border",
              "isEnabled": true,
              "color": {
                "_class": "color",
                "red": 0,
                "green": 0,
                "blue": 0,
                "alpha": 1
              },
              "fillType": 0,
              "position": 1,
              "thickness": 0
            }
          ],
          "shadows": [],
          "innerShadows": [],
          "endDecorationType": 0,
          "miterLimit": 10,
          "startDecorationType": 0,
          "contextSettings": {
            "_class": "graphicsContextSettings",
            "blendMode": 0,
            "opacity": "1"
          }
        }
      }
    ]
  },
  "layerSymbols": {
    "_class": "symbolContainer",
    "objects": []
  },
  "layerTextStyles": {
    "_class": "sharedTextStyleContainer",
    "objects": []
  },
  "pages": []
}